error: unexpected end of input, expected one of: identifier, `::`, `<`, `_`, literal, `const`, `ref`, `mut`, `&`, parentheses, square brackets, `..`, `const`
 --> tests/html_macro/iterable-fail.rs:4:5
  |
4 |     html! { for };
  |     ^^^^^^^^^^^^^
  |
  = note: this error originates in the macro `html` (in Nightly builds, run with -Z macro-backtrace for more info)

error: unexpected end of input, expected `in`
 --> tests/html_macro/iterable-fail.rs:5:5
  |
5 |     html! { for () };
  |     ^^^^^^^^^^^^^^^^
  |
  = note: this error originates in the macro `html` (in Nightly builds, run with -Z macro-backtrace for more info)

error: expected `in`
 --> tests/html_macro/iterable-fail.rs:7:33
  |
7 |     html! { for Vec::<()>::new().into_iter() };
  |                                 ^

error: unexpected end of input, expected `in`
  --> tests/html_macro/iterable-fail.rs:10:5
   |
10 |     html! { for empty };
   |     ^^^^^^^^^^^^^^^^^^^
   |
   = note: this error originates in the macro `html` (in Nightly builds, run with -Z macro-backtrace for more info)

error[E0277]: `()` is not an iterator
 --> tests/html_macro/iterable-fail.rs:6:18
  |
6 |     html! { {for ()} };
  |                  ^^ `()` is not an iterator
  |
  = help: the trait `Iterator` is not implemented for `()`
  = note: required because of the requirements on the impl of `IntoIterator` for `()`

error[E0277]: `()` doesn't implement `std::fmt::Display`
  --> tests/html_macro/iterable-fail.rs:13:18
   |
13 |     html! { {for empty.iter()} };
   |                  ^^^^^ `()` cannot be formatted with the default formatter
   |
   = help: the trait `std::fmt::Display` is not implemented for `()`
   = note: in format strings you may be able to use `{:?}` (or {:#?} for pretty-print) instead
   = help: the trait `FromIterator<A>` is implemented for `VNode`
   = note: required because of the requirements on the impl of `std::fmt::Display` for `&()`
   = note: required because of the requirements on the impl of `ToString` for `&()`
   = note: required because of the requirements on the impl of `From<&()>` for `VNode`
   = note: required because of the requirements on the impl of `Into<VNode>` for `&()`
   = note: required because of the requirements on the impl of `FromIterator<&()>` for `VNode`
note: required by a bound in `collect`

error[E0277]: `()` is not an iterator
  --> tests/html_macro/iterable-fail.rs:18:19
   |
18 |             { for () }
   |                   ^^ `()` is not an iterator
   |
   = help: the trait `Iterator` is not implemented for `()`
   = note: required because of the requirements on the impl of `IntoIterator` for `()`
note: required by a bound in `into_node_iter`
  --> $WORKSPACE/packages/yew/src/utils/mod.rs
   |
   |     IT: IntoIterator<Item = T>,
   |         ^^^^^^^^^^^^^^^^^^^^^^ required by this bound in `into_node_iter`
